// Jest Snapshot v1, https://goo.gl/fbAQLP

exports[`Spinner should render component 1`] = `
<div
  className="spinner"
/>
`;
